// Jest Snapshot v1, https://goo.gl/fbAQLP

exports[`It should render the same 1`] = `
.emotion-0 {
  display: -webkit-inline-box;
  display: -webkit-inline-flex;
  display: -ms-inline-flexbox;
  display: inline-flex;
  -webkit-align-items: center;
  -webkit-box-align: center;
  -ms-flex-align: center;
  align-items: center;
  -webkit-box-pack: center;
  -webkit-justify-content: center;
  -ms-flex-pack: center;
  justify-content: center;
  width: 30px;
  height: 30px;
  border-radius: 15px;
  border: 1px solid #e7e8e8;
  padding: 0;
  background: none;
  cursor: pointer;
}

.emotion-0:hover {
  background-color: #e7e8e8;
  -webkit-transition: background-color 200ms ease-out;
  transition: background-color 200ms ease-out;
}

<button
  className="emotion-0 emotion-1"
>
  <svg
    className=""
    height={15}
    viewBox="0 0 24 24"
    width={15}
    xmlns="http://www.w3.org/2000/svg"
  >
    <path
      d="M19 16V3H6.5A1.5 1.5 0 0 0 5 4.5v11.837A3.486 3.486 0 0 1 6.5 16H19zm0 2H6.5a1.5 1.5 0 0 0 0 3H19v-3zM6.5 1H20a1 1 0 0 1 1 1v20a1 1 0 0 1-1 1H6.5A3.5 3.5 0 0 1 3 19.5v-15A3.5 3.5 0 0 1 6.5 1z"
      fill="#4B6073"
      fillRule="nonzero"
    />
  </svg>
</button>
`;
